[
  "2016-02-23T00:00:00+0000",
  "2016-02-24T00:00:00+0000",
  "2016-02-25T00:00:00+0000"
]