[
  "2015-05-11T00:00:00+0000",
  "2015-07-08T00:00:00+0000",
  "2015-07-09T00:00:00+0000",
  "2015-07-10T00:00:00+0000",
  "2015-07-11T00:00:00+0000",
  "2015-07-12T00:00:00+0000",
  "2015-07-13T00:00:00+0000",
  "2015-07-14T00:00:00+0000",
  "2015-07-15T00:00:00+0000",
  "2015-07-16T00:00:00+0000",
  "2015-07-17T00:00:00+0000",
  "2015-07-18T00:00:00+0000",
  "2015-07-19T00:00:00+0000",
  "2015-07-20T00:00:00+0000",
  "2015-07-21T00:00:00+0000"
]